[debug] [2026-08-22T21:33:25.457Z] ----------------------------------------------------------------------
[debug] [2026-08-22T21:33:25.458Z] Command:       C:\Users\ruanh\AppData\Local\nodejs\node.exe C:\Users\ruanh\AppData\Roaming\npm\node_modules\firebase-tools\lib\bin\firebase.js deploy --only functions
[debug] [2026-08-22T21:33:25.459Z] CLI Version:   15.28.1
[debug] [2026-08-22T21:33:25.459Z] Platform:      win32
[debug] [2026-08-22T21:33:25.459Z] Node Version:  v24.19.0
[debug] [2026-08-22T21:33:25.459Z] Detected Agent: unknown
[debug] [2026-08-22T21:33:25.459Z] Time:          Sat Aug 22 2026 23:33:25 GMT+0200 (Central European Summer Time)
[debug] [2026-08-22T21:33:25.459Z] ----------------------------------------------------------------------
[debug] 
[debug] [2026-08-22T21:33:26.757Z] > command requires scopes: ["email","openid","https://www.googleapis.com/auth/cloudplatformprojects.readonly","https://www.googleapis.com/auth/firebase","https://www.googleapis.com/auth/cloud-platform"]
[debug] [2026-08-22T21:33:26.757Z] > authorizing via signed-in user (ruanhart7@gmail.com)
[debug] [2026-08-22T21:33:26.757Z] [iam] checking project lol-bom-squad for permissions ["cloudfunctions.functions.create","cloudfunctions.functions.delete","cloudfunctions.functions.get","cloudfunctions.functions.list","cloudfunctions.functions.update","cloudfunctions.operations.get","firebase.projects.get"]
[debug] [2026-08-22T21:33:26.765Z] Checked if tokens are valid: false, expires at: 1787431187297
[debug] [2026-08-22T21:33:26.765Z] Checked if tokens are valid: false, expires at: 1787431187297
[debug] [2026-08-22T21:33:26.765Z] > refreshing access token with scopes: []
[debug] [2026-08-22T21:33:26.766Z] >>> [apiv2][query] POST https://www.googleapis.com/oauth2/v3/token [none]
[debug] [2026-08-22T21:33:26.766Z] >>> [apiv2][body] POST https://www.googleapis.com/oauth2/v3/token [omitted]
[debug] [2026-08-22T21:33:27.311Z] <<< [apiv2][status] POST https://www.googleapis.com/oauth2/v3/token 200
[debug] [2026-08-22T21:33:27.311Z] <<< [apiv2][body] POST https://www.googleapis.com/oauth2/v3/token [omitted]
[debug] [2026-08-22T21:33:27.316Z] >>> [apiv2][query] POST https://cloudresourcemanager.googleapis.com/v1/projects/lol-bom-squad:testIamPermissions [none]
[debug] [2026-08-22T21:33:27.316Z] >>> [apiv2][(partial)header] POST https://cloudresourcemanager.googleapis.com/v1/projects/lol-bom-squad:testIamPermissions  x-goog-user-project=lol-bom-squad
[debug] [2026-08-22T21:33:27.316Z] >>> [apiv2][body] POST https://cloudresourcemanager.googleapis.com/v1/projects/lol-bom-squad:testIamPermissions {"permissions":["cloudfunctions.functions.create","cloudfunctions.functions.delete","cloudfunctions.functions.get","cloudfunctions.functions.list","cloudfunctions.functions.update","cloudfunctions.operations.get","firebase.projects.get"]}
[debug] [2026-08-22T21:33:28.618Z] <<< [apiv2][status] POST https://cloudresourcemanager.googleapis.com/v1/projects/lol-bom-squad:testIamPermissions 200
[debug] [2026-08-22T21:33:28.619Z] <<< [apiv2][body] POST https://cloudresourcemanager.googleapis.com/v1/projects/lol-bom-squad:testIamPermissions {"permissions":["cloudfunctions.functions.create","cloudfunctions.functions.delete","cloudfunctions.functions.get","cloudfunctions.functions.list","cloudfunctions.functions.update","cloudfunctions.operations.get","firebase.projects.get"]}
[debug] [2026-08-22T21:33:28.619Z] Checked if tokens are valid: true, expires at: 1787438006311
[debug] [2026-08-22T21:33:28.619Z] Checked if tokens are valid: true, expires at: 1787438006311
[debug] [2026-08-22T21:33:28.619Z] >>> [apiv2][query] POST https://iam.googleapis.com/v1/projects/lol-bom-squad/serviceAccounts/lol-bom-squad@appspot.gserviceaccount.com:testIamPermissions [none]
[debug] [2026-08-22T21:33:28.619Z] >>> [apiv2][body] POST https://iam.googleapis.com/v1/projects/lol-bom-squad/serviceAccounts/lol-bom-squad@appspot.gserviceaccount.com:testIamPermissions {"permissions":["iam.serviceAccounts.actAs"]}
[debug] [2026-08-22T21:33:29.726Z] <<< [apiv2][status] POST https://iam.googleapis.com/v1/projects/lol-bom-squad/serviceAccounts/lol-bom-squad@appspot.gserviceaccount.com:testIamPermissions 200
[debug] [2026-08-22T21:33:29.726Z] <<< [apiv2][body] POST https://iam.googleapis.com/v1/projects/lol-bom-squad/serviceAccounts/lol-bom-squad@appspot.gserviceaccount.com:testIamPermissions {"permissions":["iam.serviceAccounts.actAs"]}
[info] 
[info] === Deploying to 'lol-bom-squad'...
[info] 
[info] i  deploying functions 
[info] Running command: npm --prefix functions run build
[info] +  functions: Finished running predeploy script. 
[debug] [2026-08-22T21:33:31.171Z] Checked if tokens are valid: true, expires at: 1787438006311
[debug] [2026-08-22T21:33:31.171Z] Checked if tokens are valid: true, expires at: 1787438006311
[debug] [2026-08-22T21:33:31.171Z] >>> [apiv2][query] GET https://cloudresourcemanager.googleapis.com/v1/projects/lol-bom-squad [none]
[debug] [2026-08-22T21:33:31.529Z] <<< [apiv2][status] GET https://cloudresourcemanager.googleapis.com/v1/projects/lol-bom-squad 200
[debug] [2026-08-22T21:33:31.529Z] <<< [apiv2][body] GET https://cloudresourcemanager.googleapis.com/v1/projects/lol-bom-squad {"projectNumber":"926798891647","projectId":"lol-bom-squad","lifecycleState":"ACTIVE","name":"LOL-BOM Squad","labels":{"firebase":"enabled","firebase-core":"disabled"},"createTime":"2026-08-12T09:14:27.753Z"}
[info] i  functions: preparing codebase default for deployment 
[info] i  functions: ensuring required API cloudfunctions.googleapis.com is enabled... 
[info] i  functions: ensuring required API cloudbuild.googleapis.com is enabled... 
[info] i  artifactregistry: ensuring required API artifactregistry.googleapis.com is enabled... 
[debug] [2026-08-22T21:33:31.531Z] Checked if tokens are valid: true, expires at: 1787438006311
[debug] [2026-08-22T21:33:31.531Z] Checked if tokens are valid: true, expires at: 1787438006311
[debug] [2026-08-22T21:33:31.531Z] >>> [apiv2][query] GET https://firebase.googleapis.com/v1beta1/projects/lol-bom-squad/adminSdkConfig [none]
[debug] [2026-08-22T21:33:32.217Z] <<< [apiv2][status] GET https://firebase.googleapis.com/v1beta1/projects/lol-bom-squad/adminSdkConfig 200
[debug] [2026-08-22T21:33:32.217Z] <<< [apiv2][body] GET https://firebase.googleapis.com/v1beta1/projects/lol-bom-squad/adminSdkConfig {"projectId":"lol-bom-squad","storageBucket":"lol-bom-squad.firebasestorage.app"}
[debug] [2026-08-22T21:33:32.217Z] Checked if tokens are valid: true, expires at: 1787438006311
[debug] [2026-08-22T21:33:32.217Z] Checked if tokens are valid: true, expires at: 1787438006311
[debug] [2026-08-22T21:33:32.217Z] >>> [apiv2][query] GET https://runtimeconfig.googleapis.com/v1beta1/projects/lol-bom-squad/configs [none]
[debug] [2026-08-22T21:33:32.813Z] <<< [apiv2][status] GET https://runtimeconfig.googleapis.com/v1beta1/projects/lol-bom-squad/configs 200
[debug] [2026-08-22T21:33:32.813Z] <<< [apiv2][body] GET https://runtimeconfig.googleapis.com/v1beta1/projects/lol-bom-squad/configs {}
[debug] [2026-08-22T21:33:32.814Z] Validating nodejs source
[warn] !  functions: package.json indicates an outdated version of firebase-functions. Please upgrade using npm install --save firebase-functions@latest in your functions directory. 
[warn] !  functions: Please note that there will be breaking changes when you upgrade. 
[debug] [2026-08-22T21:33:34.000Z] > [functions] package.json contents: {
  "name": "bom-squad-functions",
  "private": true,
  "main": "lib/index.js",
  "engines": {
    "node": "22"
  },
  "scripts": {
    "build": "tsc -p tsconfig.json",
    "clean": "rimraf lib",
    "watch": "tsc -w -p tsconfig.json",
    "test": "vitest run"
  },
  "dependencies": {
    "firebase-admin": "^13.5.0",
    "firebase-functions": "^6.0.1"
  },
  "devDependencies": {
    "rimraf": "^6.0.1",
    "typescript": "^5.9.2",
    "vitest": "^4.0.8"
  }
}
[debug] [2026-08-22T21:33:34.001Z] Building nodejs source
[info] i  functions: Loading and analyzing source code for codebase default to determine what to deploy 
[debug] [2026-08-22T21:33:34.002Z] Could not find functions.yaml. Must use http discovery
[debug] [2026-08-22T21:33:34.008Z] Found firebase-functions binary at 'C:\Developer\repos\League-team-comp\app\functions\node_modules\.bin\firebase-functions'
[info] Serving at port 8208

[debug] [2026-08-22T21:33:34.526Z] Got response from /__/functions.yaml {"endpoints":{"enrichPlayer":{"availableMemoryMb":null,"timeoutSeconds":null,"minInstances":null,"maxInstances":10,"ingressSettings":null,"concurrency":null,"serviceAccountEmail":null,"vpc":null,"platform":"gcfv2","region":["europe-west1"],"secretEnvironmentVariables":[{"key":"RIOT_API_KEY"}],"labels":{},"httpsTrigger":{},"entryPoint":"enrichPlayer"},"getTeamSynergy":{"availableMemoryMb":null,"timeoutSeconds":null,"minInstances":null,"maxInstances":10,"ingressSettings":null,"concurrency":null,"serviceAccountEmail":null,"vpc":null,"platform":"gcfv2","region":["europe-west1"],"secretEnvironmentVariables":[{"key":"RIOT_API_KEY"}],"labels":{},"httpsTrigger":{},"entryPoint":"getTeamSynergy"},"getCompAnalysis":{"availableMemoryMb":null,"timeoutSeconds":300,"minInstances":null,"maxInstances":10,"ingressSettings":null,"concurrency":null,"serviceAccountEmail":null,"vpc":null,"platform":"gcfv2","region":["europe-west1"],"secretEnvironmentVariables":[{"key":"RIOT_API_KEY"}],"labels":{},"httpsTrigger":{},"entryPoint":"getCompAnalysis"},"checkRiotKey":{"availableMemoryMb":null,"timeoutSeconds":null,"minInstances":null,"maxInstances":10,"ingressSettings":null,"concurrency":null,"serviceAccountEmail":null,"vpc":null,"platform":"gcfv2","region":["europe-west1"],"secretEnvironmentVariables":[{"key":"RIOT_API_KEY"}],"labels":{},"scheduleTrigger":{"schedule":"every day 08:00","retryConfig":{},"timeZone":"Europe/Amsterdam"},"entryPoint":"checkRiotKey"},"riotKeyHealth":{"availableMemoryMb":null,"timeoutSeconds":null,"minInstances":null,"maxInstances":10,"ingressSettings":null,"concurrency":null,"serviceAccountEmail":null,"vpc":null,"platform":"gcfv2","region":["europe-west1"],"secretEnvironmentVariables":[{"key":"RIOT_API_KEY"}],"labels":{},"httpsTrigger":{},"entryPoint":"riotKeyHealth"}},"specVersion":"v1alpha1","requiredAPIs":[{"api":"cloudscheduler.googleapis.com","reason":"Needed for scheduled functions."}],"extensions":{},"params":[{"type":"secret","name":"RIOT_API_KEY"}]}
[debug] [2026-08-22T21:33:37.550Z] Checked if tokens are valid: true, expires at: 1787438006311
[debug] [2026-08-22T21:33:37.550Z] Checked if tokens are valid: true, expires at: 1787438006311
[debug] [2026-08-22T21:33:37.550Z] >>> [apiv2][query] GET https://cloudfunctions.googleapis.com/v1/projects/lol-bom-squad/locations/-/functions [none]
[debug] [2026-08-22T21:33:38.616Z] <<< [apiv2][status] GET https://cloudfunctions.googleapis.com/v1/projects/lol-bom-squad/locations/-/functions 200
[debug] [2026-08-22T21:33:38.616Z] <<< [apiv2][body] GET https://cloudfunctions.googleapis.com/v1/projects/lol-bom-squad/locations/-/functions {}
[debug] [2026-08-22T21:33:38.616Z] Checked if tokens are valid: true, expires at: 1787438006311
[debug] [2026-08-22T21:33:38.617Z] Checked if tokens are valid: true, expires at: 1787438006311
[debug] [2026-08-22T21:33:38.617Z] >>> [apiv2][query] GET https://cloudfunctions.googleapis.com/v2/projects/lol-bom-squad/locations/-/functions filter=environment%3D%22GEN_2%22
[debug] [2026-08-22T21:33:39.835Z] <<< [apiv2][status] GET https://cloudfunctions.googleapis.com/v2/projects/lol-bom-squad/locations/-/functions 200
[debug] [2026-08-22T21:33:39.836Z] <<< [apiv2][body] GET https://cloudfunctions.googleapis.com/v2/projects/lol-bom-squad/locations/-/functions {"functions":[{"name":"projects/lol-bom-squad/locations/europe-west1/functions/getTeamSynergy","buildConfig":{"build":"projects/926798891647/locations/europe-west1/builds/339a5232-e454-4e00-9f65-06fe562b1526","runtime":"nodejs22","entryPoint":"getTeamSynergy","source":{"storageSource":{"bucket":"gcf-v2-sources-926798891647-europe-west1","object":"getTeamSynergy/function-source.zip","generation":"1787427644179043"}},"environmentVariables":{"GOOGLE_NODE_RUN_SCRIPTS":""},"dockerRepository":"projects/lol-bom-squad/locations/europe-west1/repositories/gcf-artifacts","sourceProvenance":{"resolvedStorageSource":{"bucket":"gcf-v2-sources-926798891647-europe-west1","object":"getTeamSynergy/function-source.zip","generation":"1787427644179043"}},"dockerRegistry":"ARTIFACT_REGISTRY","serviceAccount":"projects/lol-bom-squad/serviceAccounts/926798891647-compute@developer.gserviceaccount.com","automaticUpdatePolicy":{}},"serviceConfig":{"service":"projects/lol-bom-squad/locations/europe-west1/services/getteamsynergy","timeoutSeconds":60,"environmentVariables":{"FIREBASE_CONFIG":"{\"projectId\":\"lol-bom-squad\",\"storageBucket\":\"lol-bom-squad.firebasestorage.app\"}","GCLOUD_PROJECT":"lol-bom-squad","EVENTARC_CLOUD_EVENT_SOURCE":"projects/lol-bom-squad/locations/europe-west1/services/getTeamSynergy","FUNCTION_REGION":"europe-west1","FUNCTION_TARGET":"getTeamSynergy","LOG_EXECUTION_ID":"true","FUNCTION_SIGNATURE_TYPE":"http"},"maxInstanceCount":10,"ingressSettings":"ALLOW_ALL","uri":"https://getteamsynergy-stwtg7chjq-ew.a.run.app","serviceAccountEmail":"926798891647-compute@developer.gserviceaccount.com","availableMemory":"256Mi","allTrafficOnLatestRevision":true,"secretEnvironmentVariables":[{"key":"RIOT_API_KEY","projectId":"lol-bom-squad","secret":"RIOT_API_KEY","version":"6"}],"revision":"getteamsynergy-00028-zuf","maxInstanceRequestConcurrency":80,"availableCpu":"1"},"state":"ACTIVE","updateTime":"2026-08-22T19:40:59.742065820Z","labels":{"firebase-functions-hash":"f989ef63f2fef7f35152786db90f0b55c3a88268","deployment-tool":"cli-firebase"},"environment":"GEN_2","url":"https://europe-west1-lol-bom-squad.cloudfunctions.net/getTeamSynergy","createTime":"2026-08-13T20:18:47.083564204Z","satisfiesPzi":true},{"name":"projects/lol-bom-squad/locations/europe-west1/functions/enrichPlayer","buildConfig":{"build":"projects/926798891647/locations/europe-west1/builds/339a5232-e454-4e00-9f65-06fe562b1526","runtime":"nodejs22","entryPoint":"enrichPlayer","source":{"storageSource":{"bucket":"gcf-v2-sources-926798891647-europe-west1","object":"enrichPlayer/function-source.zip","generation":"1787427605869505"}},"environmentVariables":{"GOOGLE_NODE_RUN_SCRIPTS":""},"dockerRepository":"projects/lol-bom-squad/locations/europe-west1/repositories/gcf-artifacts","sourceProvenance":{"resolvedStorageSource":{"bucket":"gcf-v2-sources-926798891647-europe-west1","object":"enrichPlayer/function-source.zip","generation":"1787427605869505"}},"dockerRegistry":"ARTIFACT_REGISTRY","serviceAccount":"projects/lol-bom-squad/serviceAccounts/926798891647-compute@developer.gserviceaccount.com","automaticUpdatePolicy":{}},"serviceConfig":{"service":"projects/lol-bom-squad/locations/europe-west1/services/enrichplayer","timeoutSeconds":60,"environmentVariables":{"FIREBASE_CONFIG":"{\"projectId\":\"lol-bom-squad\",\"storageBucket\":\"lol-bom-squad.firebasestorage.app\"}","GCLOUD_PROJECT":"lol-bom-squad","EVENTARC_CLOUD_EVENT_SOURCE":"projects/lol-bom-squad/locations/europe-west1/services/enrichPlayer","FUNCTION_REGION":"europe-west1","FUNCTION_TARGET":"enrichPlayer","LOG_EXECUTION_ID":"true","FUNCTION_SIGNATURE_TYPE":"http"},"maxInstanceCount":10,"ingressSettings":"ALLOW_ALL","uri":"https://enrichplayer-stwtg7chjq-ew.a.run.app","serviceAccountEmail":"926798891647-compute@developer.gserviceaccount.com","availableMemory":"256Mi","allTrafficOnLatestRevision":true,"secretEnvironmentVariables":[{"key":"RIOT_API_KEY","projectId":"lol-bom-squad","secret":"RIOT_API_KEY","version":"6"}],"revision":"enrichplayer-00034-vig","maxInstanceRequestConcurrency":80,"availableCpu":"1"},"state":"ACTIVE","updateTime":"2026-08-22T19:40:50.024061812Z","labels":{"deployment-tool":"cli-firebase","firebase-functions-hash":"f989ef63f2fef7f35152786db90f0b55c3a88268"},"environment":"GEN_2","url":"https://europe-west1-lol-bom-squad.cloudfunctions.net/enrichPlayer","createTime":"2026-08-12T11:44:44.051593763Z","satisfiesPzi":true},{"name":"projects/lol-bom-squad/locations/europe-west1/functions/getCompAnalysis","buildConfig":{"build":"projects/926798891647/locations/europe-west1/builds/339a5232-e454-4e00-9f65-06fe562b1526","runtime":"nodejs22","entryPoint":"getCompAnalysis","source":{"storageSource":{"bucket":"gcf-v2-sources-926798891647-europe-west1","object":"getCompAnalysis/function-source.zip","generation":"1787427644181546"}},"environmentVariables":{"GOOGLE_NODE_RUN_SCRIPTS":""},"dockerRepository":"projects/lol-bom-squad/locations/europe-west1/repositories/gcf-artifacts","sourceProvenance":{"resolvedStorageSource":{"bucket":"gcf-v2-sources-926798891647-europe-west1","object":"getCompAnalysis/function-source.zip","generation":"1787427644181546"}},"dockerRegistry":"ARTIFACT_REGISTRY","serviceAccount":"projects/lol-bom-squad/serviceAccounts/926798891647-compute@developer.gserviceaccount.com","automaticUpdatePolicy":{}},"serviceConfig":{"service":"projects/lol-bom-squad/locations/europe-west1/services/getcompanalysis","timeoutSeconds":300,"environmentVariables":{"FIREBASE_CONFIG":"{\"projectId\":\"lol-bom-squad\",\"storageBucket\":\"lol-bom-squad.firebasestorage.app\"}","GCLOUD_PROJECT":"lol-bom-squad","EVENTARC_CLOUD_EVENT_SOURCE":"projects/lol-bom-squad/locations/europe-west1/services/getCompAnalysis","FUNCTION_REGION":"europe-west1","FUNCTION_TARGET":"getCompAnalysis","LOG_EXECUTION_ID":"true","FUNCTION_SIGNATURE_TYPE":"http"},"maxInstanceCount":10,"ingressSettings":"ALLOW_ALL","uri":"https://getcompanalysis-stwtg7chjq-ew.a.run.app","serviceAccountEmail":"926798891647-compute@developer.gserviceaccount.com","availableMemory":"256Mi","allTrafficOnLatestRevision":true,"secretEnvironmentVariables":[{"key":"RIOT_API_KEY","projectId":"lol-bom-squad","secret":"RIOT_API_KEY","version":"6"}],"revision":"getcompanalysis-00026-teg","maxInstanceRequestConcurrency":80,"availableCpu":"1"},"state":"ACTIVE","updateTime":"2026-08-22T19:40:59.034571505Z","labels":{"deployment-tool":"cli-firebase","firebase-functions-hash":"f989ef63f2fef7f35152786db90f0b55c3a88268"},"environment":"GEN_2","url":"https://europe-west1-lol-bom-squad.cloudfunctions.net/getCompAnalysis","createTime":"2026-08-20T19:28:30.660192462Z","satisfiesPzi":true}]}
[info] i  extensions: ensuring required API firebaseextensions.googleapis.com is enabled... 
[debug] [2026-08-22T21:33:39.837Z] > command requires scopes: ["email","openid","https://www.googleapis.com/auth/cloudplatformprojects.readonly","https://www.googleapis.com/auth/firebase","https://www.googleapis.com/auth/cloud-platform"]
[debug] [2026-08-22T21:33:39.837Z] > authorizing via signed-in user (ruanhart7@gmail.com)
[debug] [2026-08-22T21:33:39.837Z] [iam] checking project lol-bom-squad for permissions ["firebase.projects.get","firebaseextensions.instances.list"]
[debug] [2026-08-22T21:33:39.837Z] Checked if tokens are valid: true, expires at: 1787438006311
[debug] [2026-08-22T21:33:39.837Z] Checked if tokens are valid: true, expires at: 1787438006311
[debug] [2026-08-22T21:33:39.837Z] >>> [apiv2][query] POST https://cloudresourcemanager.googleapis.com/v1/projects/lol-bom-squad:testIamPermissions [none]
[debug] [2026-08-22T21:33:39.837Z] >>> [apiv2][(partial)header] POST https://cloudresourcemanager.googleapis.com/v1/projects/lol-bom-squad:testIamPermissions  x-goog-user-project=lol-bom-squad
[debug] [2026-08-22T21:33:39.837Z] >>> [apiv2][body] POST https://cloudresourcemanager.googleapis.com/v1/projects/lol-bom-squad:testIamPermissions {"permissions":["firebase.projects.get","firebaseextensions.instances.list"]}
[debug] [2026-08-22T21:33:40.697Z] <<< [apiv2][status] POST https://cloudresourcemanager.googleapis.com/v1/projects/lol-bom-squad:testIamPermissions 200
[debug] [2026-08-22T21:33:40.697Z] <<< [apiv2][body] POST https://cloudresourcemanager.googleapis.com/v1/projects/lol-bom-squad:testIamPermissions {"permissions":["firebase.projects.get","firebaseextensions.instances.list"]}
[debug] [2026-08-22T21:33:40.697Z] Checked if tokens are valid: true, expires at: 1787438006311
[debug] [2026-08-22T21:33:40.697Z] Checked if tokens are valid: true, expires at: 1787438006311
[debug] [2026-08-22T21:33:40.697Z] >>> [apiv2][query] GET https://firebaseextensions.googleapis.com/v1beta/projects/lol-bom-squad/instances pageSize=100&pageToken=
[debug] [2026-08-22T21:33:41.839Z] <<< [apiv2][status] GET https://firebaseextensions.googleapis.com/v1beta/projects/lol-bom-squad/instances 200
[debug] [2026-08-22T21:33:41.839Z] <<< [apiv2][body] GET https://firebaseextensions.googleapis.com/v1beta/projects/lol-bom-squad/instances {}
[debug] [2026-08-22T21:33:41.839Z] Attempting to merge .env secret bindings {} into declared secrets...)}
[debug] [2026-08-22T21:33:41.839Z] enrichPlayer declared secrets: [{"key":"RIOT_API_KEY","secret":"RIOT_API_KEY","projectId":"lol-bom-squad"}]
[debug] [2026-08-22T21:33:41.839Z] getTeamSynergy declared secrets: [{"key":"RIOT_API_KEY","secret":"RIOT_API_KEY","projectId":"lol-bom-squad"}]
[debug] [2026-08-22T21:33:41.839Z] getCompAnalysis declared secrets: [{"key":"RIOT_API_KEY","secret":"RIOT_API_KEY","projectId":"lol-bom-squad"}]
[debug] [2026-08-22T21:33:41.839Z] checkRiotKey declared secrets: [{"key":"RIOT_API_KEY","secret":"RIOT_API_KEY","projectId":"lol-bom-squad"}]
[debug] [2026-08-22T21:33:41.839Z] riotKeyHealth declared secrets: [{"key":"RIOT_API_KEY","secret":"RIOT_API_KEY","projectId":"lol-bom-squad"}]
[debug] [2026-08-22T21:33:41.840Z] Checked if tokens are valid: true, expires at: 1787438006311
[debug] [2026-08-22T21:33:41.840Z] Checked if tokens are valid: true, expires at: 1787438006311
[debug] [2026-08-22T21:33:41.840Z] >>> [apiv2][query] GET https://secretmanager.googleapis.com/v1/projects/lol-bom-squad/secrets/RIOT_API_KEY [none]
[debug] [2026-08-22T21:33:42.175Z] <<< [apiv2][status] GET https://secretmanager.googleapis.com/v1/projects/lol-bom-squad/secrets/RIOT_API_KEY 200
[debug] [2026-08-22T21:33:42.175Z] <<< [apiv2][body] GET https://secretmanager.googleapis.com/v1/projects/lol-bom-squad/secrets/RIOT_API_KEY {"name":"projects/926798891647/secrets/RIOT_API_KEY","replication":{"automatic":{}},"createTime":"2026-08-12T12:18:20.971808Z","labels":{"firebase-managed":"functions"},"etag":"\"1658d8955899cd\""}
[debug] [2026-08-22T21:33:42.175Z] Checked if tokens are valid: true, expires at: 1787438006311
[debug] [2026-08-22T21:33:42.175Z] Checked if tokens are valid: true, expires at: 1787438006311
[debug] [2026-08-22T21:33:42.175Z] >>> [apiv2][query] GET https://secretmanager.googleapis.com/v1/projects/lol-bom-squad/secrets/RIOT_API_KEY/versions/latest [none]
[debug] [2026-08-22T21:33:42.396Z] <<< [apiv2][status] GET https://secretmanager.googleapis.com/v1/projects/lol-bom-squad/secrets/RIOT_API_KEY/versions/latest 200
[debug] [2026-08-22T21:33:42.396Z] <<< [apiv2][body] GET https://secretmanager.googleapis.com/v1/projects/lol-bom-squad/secrets/RIOT_API_KEY/versions/latest {"name":"projects/926798891647/secrets/RIOT_API_KEY/versions/6","createTime":"2026-08-21T19:02:46.080148Z","state":"ENABLED","replicationStatus":{"automatic":{}},"etag":"\"165993482a9a94\"","clientSpecifiedPayloadChecksum":true}
[info] i  functions: preparing functions directory for uploading... 
[info] i  functions: packaged C:\Developer\repos\League-team-comp\app\functions (86.28 KB) for uploading 
[info] i  functions: ensuring required API cloudscheduler.googleapis.com is enabled... 
[debug] [2026-08-22T21:33:42.425Z] Checked if tokens are valid: true, expires at: 1787438006311
[debug] [2026-08-22T21:33:42.425Z] Checked if tokens are valid: true, expires at: 1787438006311
[debug] [2026-08-22T21:33:42.425Z] >>> [apiv2][query] GET https://serviceusage.googleapis.com/v1/projects/926798891647/services/cloudscheduler.googleapis.com [none]
[debug] [2026-08-22T21:33:42.425Z] >>> [apiv2][(partial)header] GET https://serviceusage.googleapis.com/v1/projects/926798891647/services/cloudscheduler.googleapis.com  x-goog-user-project=926798891647
[debug] [2026-08-22T21:33:43.726Z] <<< [apiv2][status] GET https://serviceusage.googleapis.com/v1/projects/926798891647/services/cloudscheduler.googleapis.com 200
[debug] [2026-08-22T21:33:43.726Z] <<< [apiv2][body] GET https://serviceusage.googleapis.com/v1/projects/926798891647/services/cloudscheduler.googleapis.com [omitted]
[warn] !  functions: missing required API cloudscheduler.googleapis.com. Enabling now... 
[debug] [2026-08-22T21:33:43.726Z] Checked if tokens are valid: true, expires at: 1787438006311
[debug] [2026-08-22T21:33:43.726Z] Checked if tokens are valid: true, expires at: 1787438006311
[debug] [2026-08-22T21:33:43.727Z] >>> [apiv2][query] POST https://serviceusage.googleapis.com/v1/projects/926798891647/services/cloudscheduler.googleapis.com:enable [none]
[debug] [2026-08-22T21:33:43.727Z] >>> [apiv2][(partial)header] POST https://serviceusage.googleapis.com/v1/projects/926798891647/services/cloudscheduler.googleapis.com:enable  x-goog-user-project=926798891647
[debug] [2026-08-22T21:33:44.951Z] <<< [apiv2][status] POST https://serviceusage.googleapis.com/v1/projects/926798891647/services/cloudscheduler.googleapis.com:enable 200
[debug] [2026-08-22T21:33:44.951Z] <<< [apiv2][body] POST https://serviceusage.googleapis.com/v1/projects/926798891647/services/cloudscheduler.googleapis.com:enable [omitted]
